09:28:07 **** Incremental Build of configuration Debug for project rtosII_co20_romero_raul_TP2_A ****
make -j4 all 
arm-none-eabi-gcc "../src/app/src/ao_led_green.c" -mcpu=cortex-m4 -std=gnu11 -g3 -DDEBUG -DUSE_HAL_DRIVER -DSTM32F429xx -c -I"/home/rome/STM32CubeIDE/workspace_1.12.1/RTOSII_ROMERO/rtosII_co20_romero_raul_TP2_A/src/hal/inc" -I"/home/rome/STM32CubeIDE/workspace_1.12.1/RTOSII_ROMERO/rtosII_co20_romero_raul_TP2_A/src/lib/inc" -I"/home/rome/STM32CubeIDE/workspace_1.12.1/RTOSII_ROMERO/rtosII_co20_romero_raul_TP2_A/src/app/inc" -I"/home/rome/STM32CubeIDE/workspace_1.12.1/RTOSII_ROMERO/rtosII_co20_romero_raul_TP2_A/src/task/inc" -I../Core/Inc -I../Drivers/STM32F4xx_HAL_Driver/Inc -I../Drivers/STM32F4xx_HAL_Driver/Inc/Legacy -I../Drivers/CMSIS/Device/ST/STM32F4xx/Include -I../Drivers/CMSIS/Include -I../Middlewares/Third_Party/FreeRTOS/Source/include -I../Middlewares/Third_Party/FreeRTOS/Source/CMSIS_RTOS -I../Middlewares/Third_Party/FreeRTOS/Source/portable/GCC/ARM_CM4F -O0 -ffunction-sections -fdata-sections -Wall -fstack-usage -fcyclomatic-complexity -MMD -MP -MF"src/app/src/ao_led_green.d" -MT"src/app/src/ao_led_green.o" --specs=nano.specs -mfpu=fpv4-sp-d16 -mfloat-abi=hard -mthumb -o "src/app/src/ao_led_green.o"
arm-none-eabi-gcc -o "rtosII_co20_romero_raul_TP2_A.elf" @"objects.list"   -mcpu=cortex-m4 -T"/home/rome/STM32CubeIDE/workspace_1.12.1/RTOSII_ROMERO/rtosII_co20_romero_raul_TP2_A/STM32F429ZITX_FLASH.ld" --specs=nosys.specs -Wl,-Map="rtosII_co20_romero_raul_TP2_A.map" -Wl,--gc-sections -static --specs=nano.specs -mfpu=fpv4-sp-d16 -mfloat-abi=hard -mthumb -Wl,--start-group -lc -lm -Wl,--end-group
Finished building target: rtosII_co20_romero_raul_TP2_A.elf
 
arm-none-eabi-size   rtosII_co20_romero_raul_TP2_A.elf 
arm-none-eabi-objdump -h -S  rtosII_co20_romero_raul_TP2_A.elf  > "rtosII_co20_romero_raul_TP2_A.list"
   text	   data	    bss	    dec	    hex	filename
  31352	    208	  20664	  52224	   cc00	rtosII_co20_romero_raul_TP2_A.elf
Finished building: default.size.stdout
 
Finished building: rtosII_co20_romero_raul_TP2_A.list
 
