10:54:28 **** Build of configuration Debug for project rtosII_co20_romero_TP1_A ****
make -j4 all 
arm-none-eabi-gcc "../src/task/src/task_button.c" -mcpu=cortex-m4 -std=gnu11 -g3 -DDEBUG -DUSE_HAL_DRIVER -DSTM32F429xx -c -I"/home/rome/STM32CubeIDE/workspace_1.12.1/RTOSII_ROMERO/sistemas_reactivos_ejemplo_02/src/hal/inc" -I"/home/rome/STM32CubeIDE/workspace_1.12.1/RTOSII_ROMERO/sistemas_reactivos_ejemplo_02/src/lib/inc" -I"/home/rome/STM32CubeIDE/workspace_1.12.1/RTOSII_ROMERO/sistemas_reactivos_ejemplo_02/src/app/inc" -I"/home/rome/STM32CubeIDE/workspace_1.12.1/RTOSII_ROMERO/sistemas_reactivos_ejemplo_02/src/task/inc" -I../Core/Inc -I../Drivers/STM32F4xx_HAL_Driver/Inc -I../Drivers/STM32F4xx_HAL_Driver/Inc/Legacy -I../Drivers/CMSIS/Device/ST/STM32F4xx/Include -I../Drivers/CMSIS/Include -I../Middlewares/Third_Party/FreeRTOS/Source/include -I../Middlewares/Third_Party/FreeRTOS/Source/CMSIS_RTOS -I../Middlewares/Third_Party/FreeRTOS/Source/portable/GCC/ARM_CM4F -O0 -ffunction-sections -fdata-sections -Wall -fstack-usage -fcyclomatic-complexity -MMD -MP -MF"src/task/src/task_button.d" -MT"src/task/src/task_button.o" --specs=nano.specs -mfpu=fpv4-sp-d16 -mfloat-abi=hard -mthumb -o "src/task/src/task_button.o"
arm-none-eabi-gcc "../src/lib/src/API_delay.c" -mcpu=cortex-m4 -std=gnu11 -g3 -DDEBUG -DUSE_HAL_DRIVER -DSTM32F429xx -c -I"/home/rome/STM32CubeIDE/workspace_1.12.1/RTOSII_ROMERO/sistemas_reactivos_ejemplo_02/src/hal/inc" -I"/home/rome/STM32CubeIDE/workspace_1.12.1/RTOSII_ROMERO/sistemas_reactivos_ejemplo_02/src/lib/inc" -I"/home/rome/STM32CubeIDE/workspace_1.12.1/RTOSII_ROMERO/sistemas_reactivos_ejemplo_02/src/app/inc" -I"/home/rome/STM32CubeIDE/workspace_1.12.1/RTOSII_ROMERO/sistemas_reactivos_ejemplo_02/src/task/inc" -I../Core/Inc -I../Drivers/STM32F4xx_HAL_Driver/Inc -I../Drivers/STM32F4xx_HAL_Driver/Inc/Legacy -I../Drivers/CMSIS/Device/ST/STM32F4xx/Include -I../Drivers/CMSIS/Include -I../Middlewares/Third_Party/FreeRTOS/Source/include -I../Middlewares/Third_Party/FreeRTOS/Source/CMSIS_RTOS -I../Middlewares/Third_Party/FreeRTOS/Source/portable/GCC/ARM_CM4F -O0 -ffunction-sections -fdata-sections -Wall -fstack-usage -fcyclomatic-complexity -MMD -MP -MF"src/lib/src/API_delay.d" -MT"src/lib/src/API_delay.o" --specs=nano.specs -mfpu=fpv4-sp-d16 -mfloat-abi=hard -mthumb -o "src/lib/src/API_delay.o"
arm-none-eabi-gcc "../src/lib/src/eboard.c" -mcpu=cortex-m4 -std=gnu11 -g3 -DDEBUG -DUSE_HAL_DRIVER -DSTM32F429xx -c -I"/home/rome/STM32CubeIDE/workspace_1.12.1/RTOSII_ROMERO/sistemas_reactivos_ejemplo_02/src/hal/inc" -I"/home/rome/STM32CubeIDE/workspace_1.12.1/RTOSII_ROMERO/sistemas_reactivos_ejemplo_02/src/lib/inc" -I"/home/rome/STM32CubeIDE/workspace_1.12.1/RTOSII_ROMERO/sistemas_reactivos_ejemplo_02/src/app/inc" -I"/home/rome/STM32CubeIDE/workspace_1.12.1/RTOSII_ROMERO/sistemas_reactivos_ejemplo_02/src/task/inc" -I../Core/Inc -I../Drivers/STM32F4xx_HAL_Driver/Inc -I../Drivers/STM32F4xx_HAL_Driver/Inc/Legacy -I../Drivers/CMSIS/Device/ST/STM32F4xx/Include -I../Drivers/CMSIS/Include -I../Middlewares/Third_Party/FreeRTOS/Source/include -I../Middlewares/Third_Party/FreeRTOS/Source/CMSIS_RTOS -I../Middlewares/Third_Party/FreeRTOS/Source/portable/GCC/ARM_CM4F -O0 -ffunction-sections -fdata-sections -Wall -fstack-usage -fcyclomatic-complexity -MMD -MP -MF"src/lib/src/eboard.d" -MT"src/lib/src/eboard.o" --specs=nano.specs -mfpu=fpv4-sp-d16 -mfloat-abi=hard -mthumb -o "src/lib/src/eboard.o"
arm-none-eabi-gcc "../src/lib/src/eringbuffer.c" -mcpu=cortex-m4 -std=gnu11 -g3 -DDEBUG -DUSE_HAL_DRIVER -DSTM32F429xx -c -I"/home/rome/STM32CubeIDE/workspace_1.12.1/RTOSII_ROMERO/sistemas_reactivos_ejemplo_02/src/hal/inc" -I"/home/rome/STM32CubeIDE/workspace_1.12.1/RTOSII_ROMERO/sistemas_reactivos_ejemplo_02/src/lib/inc" -I"/home/rome/STM32CubeIDE/workspace_1.12.1/RTOSII_ROMERO/sistemas_reactivos_ejemplo_02/src/app/inc" -I"/home/rome/STM32CubeIDE/workspace_1.12.1/RTOSII_ROMERO/sistemas_reactivos_ejemplo_02/src/task/inc" -I../Core/Inc -I../Drivers/STM32F4xx_HAL_Driver/Inc -I../Drivers/STM32F4xx_HAL_Driver/Inc/Legacy -I../Drivers/CMSIS/Device/ST/STM32F4xx/Include -I../Drivers/CMSIS/Include -I../Middlewares/Third_Party/FreeRTOS/Source/include -I../Middlewares/Third_Party/FreeRTOS/Source/CMSIS_RTOS -I../Middlewares/Third_Party/FreeRTOS/Source/portable/GCC/ARM_CM4F -O0 -ffunction-sections -fdata-sections -Wall -fstack-usage -fcyclomatic-complexity -MMD -MP -MF"src/lib/src/eringbuffer.d" -MT"src/lib/src/eringbuffer.o" --specs=nano.specs -mfpu=fpv4-sp-d16 -mfloat-abi=hard -mthumb -o "src/lib/src/eringbuffer.o"
arm-none-eabi-gcc "../src/lib/src/euart.c" -mcpu=cortex-m4 -std=gnu11 -g3 -DDEBUG -DUSE_HAL_DRIVER -DSTM32F429xx -c -I"/home/rome/STM32CubeIDE/workspace_1.12.1/RTOSII_ROMERO/sistemas_reactivos_ejemplo_02/src/hal/inc" -I"/home/rome/STM32CubeIDE/workspace_1.12.1/RTOSII_ROMERO/sistemas_reactivos_ejemplo_02/src/lib/inc" -I"/home/rome/STM32CubeIDE/workspace_1.12.1/RTOSII_ROMERO/sistemas_reactivos_ejemplo_02/src/app/inc" -I"/home/rome/STM32CubeIDE/workspace_1.12.1/RTOSII_ROMERO/sistemas_reactivos_ejemplo_02/src/task/inc" -I../Core/Inc -I../Drivers/STM32F4xx_HAL_Driver/Inc -I../Drivers/STM32F4xx_HAL_Driver/Inc/Legacy -I../Drivers/CMSIS/Device/ST/STM32F4xx/Include -I../Drivers/CMSIS/Include -I../Middlewares/Third_Party/FreeRTOS/Source/include -I../Middlewares/Third_Party/FreeRTOS/Source/CMSIS_RTOS -I../Middlewares/Third_Party/FreeRTOS/Source/portable/GCC/ARM_CM4F -O0 -ffunction-sections -fdata-sections -Wall -fstack-usage -fcyclomatic-complexity -MMD -MP -MF"src/lib/src/euart.d" -MT"src/lib/src/euart.o" --specs=nano.specs -mfpu=fpv4-sp-d16 -mfloat-abi=hard -mthumb -o "src/lib/src/euart.o"
../src/task/src/task_button.c: In function 'buttonReleased':
../src/task/src/task_button.c:185:6: warning: suggest parentheses around assignment used as truth value [-Wparentheses]
  185 |  if( btn_state = LOCKED)
      |      ^~~~~~~~~
../src/task/src/task_button.c: In function 'task_button':
../src/task/src/task_button.c:230:3: warning: implicit declaration of function 'ao_led_green_init'; did you mean 'ao_led_red_init'? [-Wimplicit-function-declaration]
  230 |   ao_led_green_init(&ao_led_green, led_green_state_callback_);
      |   ^~~~~~~~~~~~~~~~~
      |   ao_led_red_init
arm-none-eabi-gcc "../src/app/src/ao_led_green.c" -mcpu=cortex-m4 -std=gnu11 -g3 -DDEBUG -DUSE_HAL_DRIVER -DSTM32F429xx -c -I"/home/rome/STM32CubeIDE/workspace_1.12.1/RTOSII_ROMERO/sistemas_reactivos_ejemplo_02/src/hal/inc" -I"/home/rome/STM32CubeIDE/workspace_1.12.1/RTOSII_ROMERO/sistemas_reactivos_ejemplo_02/src/lib/inc" -I"/home/rome/STM32CubeIDE/workspace_1.12.1/RTOSII_ROMERO/sistemas_reactivos_ejemplo_02/src/app/inc" -I"/home/rome/STM32CubeIDE/workspace_1.12.1/RTOSII_ROMERO/sistemas_reactivos_ejemplo_02/src/task/inc" -I../Core/Inc -I../Drivers/STM32F4xx_HAL_Driver/Inc -I../Drivers/STM32F4xx_HAL_Driver/Inc/Legacy -I../Drivers/CMSIS/Device/ST/STM32F4xx/Include -I../Drivers/CMSIS/Include -I../Middlewares/Third_Party/FreeRTOS/Source/include -I../Middlewares/Third_Party/FreeRTOS/Source/CMSIS_RTOS -I../Middlewares/Third_Party/FreeRTOS/Source/portable/GCC/ARM_CM4F -O0 -ffunction-sections -fdata-sections -Wall -fstack-usage -fcyclomatic-complexity -MMD -MP -MF"src/app/src/ao_led_green.d" -MT"src/app/src/ao_led_green.o" --specs=nano.specs -mfpu=fpv4-sp-d16 -mfloat-abi=hard -mthumb -o "src/app/src/ao_led_green.o"
../src/task/src/task_button.c:247:3: warning: implicit declaration of function 'ao_led_green_send'; did you mean 'ao_led_red_send'? [-Wimplicit-function-declaration]
  247 |   ao_led_green_send(&ao_led_green, btn_state);
      |   ^~~~~~~~~~~~~~~~~
      |   ao_led_red_send
arm-none-eabi-gcc "../src/app/src/ao_led_red.c" -mcpu=cortex-m4 -std=gnu11 -g3 -DDEBUG -DUSE_HAL_DRIVER -DSTM32F429xx -c -I"/home/rome/STM32CubeIDE/workspace_1.12.1/RTOSII_ROMERO/sistemas_reactivos_ejemplo_02/src/hal/inc" -I"/home/rome/STM32CubeIDE/workspace_1.12.1/RTOSII_ROMERO/sistemas_reactivos_ejemplo_02/src/lib/inc" -I"/home/rome/STM32CubeIDE/workspace_1.12.1/RTOSII_ROMERO/sistemas_reactivos_ejemplo_02/src/app/inc" -I"/home/rome/STM32CubeIDE/workspace_1.12.1/RTOSII_ROMERO/sistemas_reactivos_ejemplo_02/src/task/inc" -I../Core/Inc -I../Drivers/STM32F4xx_HAL_Driver/Inc -I../Drivers/STM32F4xx_HAL_Driver/Inc/Legacy -I../Drivers/CMSIS/Device/ST/STM32F4xx/Include -I../Drivers/CMSIS/Include -I../Middlewares/Third_Party/FreeRTOS/Source/include -I../Middlewares/Third_Party/FreeRTOS/Source/CMSIS_RTOS -I../Middlewares/Third_Party/FreeRTOS/Source/portable/GCC/ARM_CM4F -O0 -ffunction-sections -fdata-sections -Wall -fstack-usage -fcyclomatic-complexity -MMD -MP -MF"src/app/src/ao_led_red.d" -MT"src/app/src/ao_led_red.o" --specs=nano.specs -mfpu=fpv4-sp-d16 -mfloat-abi=hard -mthumb -o "src/app/src/ao_led_red.o"
arm-none-eabi-gcc "../src/app/src/app.c" -mcpu=cortex-m4 -std=gnu11 -g3 -DDEBUG -DUSE_HAL_DRIVER -DSTM32F429xx -c -I"/home/rome/STM32CubeIDE/workspace_1.12.1/RTOSII_ROMERO/sistemas_reactivos_ejemplo_02/src/hal/inc" -I"/home/rome/STM32CubeIDE/workspace_1.12.1/RTOSII_ROMERO/sistemas_reactivos_ejemplo_02/src/lib/inc" -I"/home/rome/STM32CubeIDE/workspace_1.12.1/RTOSII_ROMERO/sistemas_reactivos_ejemplo_02/src/app/inc" -I"/home/rome/STM32CubeIDE/workspace_1.12.1/RTOSII_ROMERO/sistemas_reactivos_ejemplo_02/src/task/inc" -I../Core/Inc -I../Drivers/STM32F4xx_HAL_Driver/Inc -I../Drivers/STM32F4xx_HAL_Driver/Inc/Legacy -I../Drivers/CMSIS/Device/ST/STM32F4xx/Include -I../Drivers/CMSIS/Include -I../Middlewares/Third_Party/FreeRTOS/Source/include -I../Middlewares/Third_Party/FreeRTOS/Source/CMSIS_RTOS -I../Middlewares/Third_Party/FreeRTOS/Source/portable/GCC/ARM_CM4F -O0 -ffunction-sections -fdata-sections -Wall -fstack-usage -fcyclomatic-complexity -MMD -MP -MF"src/app/src/app.d" -MT"src/app/src/app.o" --specs=nano.specs -mfpu=fpv4-sp-d16 -mfloat-abi=hard -mthumb -o "src/app/src/app.o"
arm-none-eabi-gcc "../Middlewares/Third_Party/FreeRTOS/Source/portable/MemMang/heap_4.c" -mcpu=cortex-m4 -std=gnu11 -g3 -DDEBUG -DUSE_HAL_DRIVER -DSTM32F429xx -c -I"/home/rome/STM32CubeIDE/workspace_1.12.1/RTOSII_ROMERO/sistemas_reactivos_ejemplo_02/src/hal/inc" -I"/home/rome/STM32CubeIDE/workspace_1.12.1/RTOSII_ROMERO/sistemas_reactivos_ejemplo_02/src/lib/inc" -I"/home/rome/STM32CubeIDE/workspace_1.12.1/RTOSII_ROMERO/sistemas_reactivos_ejemplo_02/src/app/inc" -I"/home/rome/STM32CubeIDE/workspace_1.12.1/RTOSII_ROMERO/sistemas_reactivos_ejemplo_02/src/task/inc" -I../Core/Inc -I../Drivers/STM32F4xx_HAL_Driver/Inc -I../Drivers/STM32F4xx_HAL_Driver/Inc/Legacy -I../Drivers/CMSIS/Device/ST/STM32F4xx/Include -I../Drivers/CMSIS/Include -I../Middlewares/Third_Party/FreeRTOS/Source/include -I../Middlewares/Third_Party/FreeRTOS/Source/CMSIS_RTOS -I../Middlewares/Third_Party/FreeRTOS/Source/portable/GCC/ARM_CM4F -O0 -ffunction-sections -fdata-sections -Wall -fstack-usage -fcyclomatic-complexity -MMD -MP -MF"Middlewares/Third_Party/FreeRTOS/Source/portable/MemMang/heap_4.d" -MT"Middlewares/Third_Party/FreeRTOS/Source/portable/MemMang/heap_4.o" --specs=nano.specs -mfpu=fpv4-sp-d16 -mfloat-abi=hard -mthumb -o "Middlewares/Third_Party/FreeRTOS/Source/portable/MemMang/heap_4.o"
arm-none-eabi-gcc "../Middlewares/Third_Party/FreeRTOS/Source/portable/GCC/ARM_CM4F/port.c" -mcpu=cortex-m4 -std=gnu11 -g3 -DDEBUG -DUSE_HAL_DRIVER -DSTM32F429xx -c -I"/home/rome/STM32CubeIDE/workspace_1.12.1/RTOSII_ROMERO/sistemas_reactivos_ejemplo_02/src/hal/inc" -I"/home/rome/STM32CubeIDE/workspace_1.12.1/RTOSII_ROMERO/sistemas_reactivos_ejemplo_02/src/lib/inc" -I"/home/rome/STM32CubeIDE/workspace_1.12.1/RTOSII_ROMERO/sistemas_reactivos_ejemplo_02/src/app/inc" -I"/home/rome/STM32CubeIDE/workspace_1.12.1/RTOSII_ROMERO/sistemas_reactivos_ejemplo_02/src/task/inc" -I../Core/Inc -I../Drivers/STM32F4xx_HAL_Driver/Inc -I../Drivers/STM32F4xx_HAL_Driver/Inc/Legacy -I../Drivers/CMSIS/Device/ST/STM32F4xx/Include -I../Drivers/CMSIS/Include -I../Middlewares/Third_Party/FreeRTOS/Source/include -I../Middlewares/Third_Party/FreeRTOS/Source/CMSIS_RTOS -I../Middlewares/Third_Party/FreeRTOS/Source/portable/GCC/ARM_CM4F -O0 -ffunction-sections -fdata-sections -Wall -fstack-usage -fcyclomatic-complexity -MMD -MP -MF"Middlewares/Third_Party/FreeRTOS/Source/portable/GCC/ARM_CM4F/port.d" -MT"Middlewares/Third_Party/FreeRTOS/Source/portable/GCC/ARM_CM4F/port.o" --specs=nano.specs -mfpu=fpv4-sp-d16 -mfloat-abi=hard -mthumb -o "Middlewares/Third_Party/FreeRTOS/Source/portable/GCC/ARM_CM4F/port.o"
arm-none-eabi-gcc "../Middlewares/Third_Party/FreeRTOS/Source/CMSIS_RTOS/cmsis_os.c" -mcpu=cortex-m4 -std=gnu11 -g3 -DDEBUG -DUSE_HAL_DRIVER -DSTM32F429xx -c -I"/home/rome/STM32CubeIDE/workspace_1.12.1/RTOSII_ROMERO/sistemas_reactivos_ejemplo_02/src/hal/inc" -I"/home/rome/STM32CubeIDE/workspace_1.12.1/RTOSII_ROMERO/sistemas_reactivos_ejemplo_02/src/lib/inc" -I"/home/rome/STM32CubeIDE/workspace_1.12.1/RTOSII_ROMERO/sistemas_reactivos_ejemplo_02/src/app/inc" -I"/home/rome/STM32CubeIDE/workspace_1.12.1/RTOSII_ROMERO/sistemas_reactivos_ejemplo_02/src/task/inc" -I../Core/Inc -I../Drivers/STM32F4xx_HAL_Driver/Inc -I../Drivers/STM32F4xx_HAL_Driver/Inc/Legacy -I../Drivers/CMSIS/Device/ST/STM32F4xx/Include -I../Drivers/CMSIS/Include -I../Middlewares/Third_Party/FreeRTOS/Source/include -I../Middlewares/Third_Party/FreeRTOS/Source/CMSIS_RTOS -I../Middlewares/Third_Party/FreeRTOS/Source/portable/GCC/ARM_CM4F -O0 -ffunction-sections -fdata-sections -Wall -fstack-usage -fcyclomatic-complexity -MMD -MP -MF"Middlewares/Third_Party/FreeRTOS/Source/CMSIS_RTOS/cmsis_os.d" -MT"Middlewares/Third_Party/FreeRTOS/Source/CMSIS_RTOS/cmsis_os.o" --specs=nano.specs -mfpu=fpv4-sp-d16 -mfloat-abi=hard -mthumb -o "Middlewares/Third_Party/FreeRTOS/Source/CMSIS_RTOS/cmsis_os.o"
arm-none-eabi-gcc "../Middlewares/Third_Party/FreeRTOS/Source/croutine.c" -mcpu=cortex-m4 -std=gnu11 -g3 -DDEBUG -DUSE_HAL_DRIVER -DSTM32F429xx -c -I"/home/rome/STM32CubeIDE/workspace_1.12.1/RTOSII_ROMERO/sistemas_reactivos_ejemplo_02/src/hal/inc" -I"/home/rome/STM32CubeIDE/workspace_1.12.1/RTOSII_ROMERO/sistemas_reactivos_ejemplo_02/src/lib/inc" -I"/home/rome/STM32CubeIDE/workspace_1.12.1/RTOSII_ROMERO/sistemas_reactivos_ejemplo_02/src/app/inc" -I"/home/rome/STM32CubeIDE/workspace_1.12.1/RTOSII_ROMERO/sistemas_reactivos_ejemplo_02/src/task/inc" -I../Core/Inc -I../Drivers/STM32F4xx_HAL_Driver/Inc -I../Drivers/STM32F4xx_HAL_Driver/Inc/Legacy -I../Drivers/CMSIS/Device/ST/STM32F4xx/Include -I../Drivers/CMSIS/Include -I../Middlewares/Third_Party/FreeRTOS/Source/include -I../Middlewares/Third_Party/FreeRTOS/Source/CMSIS_RTOS -I../Middlewares/Third_Party/FreeRTOS/Source/portable/GCC/ARM_CM4F -O0 -ffunction-sections -fdata-sections -Wall -fstack-usage -fcyclomatic-complexity -MMD -MP -MF"Middlewares/Third_Party/FreeRTOS/Source/croutine.d" -MT"Middlewares/Third_Party/FreeRTOS/Source/croutine.o" --specs=nano.specs -mfpu=fpv4-sp-d16 -mfloat-abi=hard -mthumb -o "Middlewares/Third_Party/FreeRTOS/Source/croutine.o"
arm-none-eabi-gcc "../Middlewares/Third_Party/FreeRTOS/Source/event_groups.c" -mcpu=cortex-m4 -std=gnu11 -g3 -DDEBUG -DUSE_HAL_DRIVER -DSTM32F429xx -c -I"/home/rome/STM32CubeIDE/workspace_1.12.1/RTOSII_ROMERO/sistemas_reactivos_ejemplo_02/src/hal/inc" -I"/home/rome/STM32CubeIDE/workspace_1.12.1/RTOSII_ROMERO/sistemas_reactivos_ejemplo_02/src/lib/inc" -I"/home/rome/STM32CubeIDE/workspace_1.12.1/RTOSII_ROMERO/sistemas_reactivos_ejemplo_02/src/app/inc" -I"/home/rome/STM32CubeIDE/workspace_1.12.1/RTOSII_ROMERO/sistemas_reactivos_ejemplo_02/src/task/inc" -I../Core/Inc -I../Drivers/STM32F4xx_HAL_Driver/Inc -I../Drivers/STM32F4xx_HAL_Driver/Inc/Legacy -I../Drivers/CMSIS/Device/ST/STM32F4xx/Include -I../Drivers/CMSIS/Include -I../Middlewares/Third_Party/FreeRTOS/Source/include -I../Middlewares/Third_Party/FreeRTOS/Source/CMSIS_RTOS -I../Middlewares/Third_Party/FreeRTOS/Source/portable/GCC/ARM_CM4F -O0 -ffunction-sections -fdata-sections -Wall -fstack-usage -fcyclomatic-complexity -MMD -MP -MF"Middlewares/Third_Party/FreeRTOS/Source/event_groups.d" -MT"Middlewares/Third_Party/FreeRTOS/Source/event_groups.o" --specs=nano.specs -mfpu=fpv4-sp-d16 -mfloat-abi=hard -mthumb -o "Middlewares/Third_Party/FreeRTOS/Source/event_groups.o"
arm-none-eabi-gcc "../Middlewares/Third_Party/FreeRTOS/Source/list.c" -mcpu=cortex-m4 -std=gnu11 -g3 -DDEBUG -DUSE_HAL_DRIVER -DSTM32F429xx -c -I"/home/rome/STM32CubeIDE/workspace_1.12.1/RTOSII_ROMERO/sistemas_reactivos_ejemplo_02/src/hal/inc" -I"/home/rome/STM32CubeIDE/workspace_1.12.1/RTOSII_ROMERO/sistemas_reactivos_ejemplo_02/src/lib/inc" -I"/home/rome/STM32CubeIDE/workspace_1.12.1/RTOSII_ROMERO/sistemas_reactivos_ejemplo_02/src/app/inc" -I"/home/rome/STM32CubeIDE/workspace_1.12.1/RTOSII_ROMERO/sistemas_reactivos_ejemplo_02/src/task/inc" -I../Core/Inc -I../Drivers/STM32F4xx_HAL_Driver/Inc -I../Drivers/STM32F4xx_HAL_Driver/Inc/Legacy -I../Drivers/CMSIS/Device/ST/STM32F4xx/Include -I../Drivers/CMSIS/Include -I../Middlewares/Third_Party/FreeRTOS/Source/include -I../Middlewares/Third_Party/FreeRTOS/Source/CMSIS_RTOS -I../Middlewares/Third_Party/FreeRTOS/Source/portable/GCC/ARM_CM4F -O0 -ffunction-sections -fdata-sections -Wall -fstack-usage -fcyclomatic-complexity -MMD -MP -MF"Middlewares/Third_Party/FreeRTOS/Source/list.d" -MT"Middlewares/Third_Party/FreeRTOS/Source/list.o" --specs=nano.specs -mfpu=fpv4-sp-d16 -mfloat-abi=hard -mthumb -o "Middlewares/Third_Party/FreeRTOS/Source/list.o"
arm-none-eabi-gcc "../Middlewares/Third_Party/FreeRTOS/Source/queue.c" -mcpu=cortex-m4 -std=gnu11 -g3 -DDEBUG -DUSE_HAL_DRIVER -DSTM32F429xx -c -I"/home/rome/STM32CubeIDE/workspace_1.12.1/RTOSII_ROMERO/sistemas_reactivos_ejemplo_02/src/hal/inc" -I"/home/rome/STM32CubeIDE/workspace_1.12.1/RTOSII_ROMERO/sistemas_reactivos_ejemplo_02/src/lib/inc" -I"/home/rome/STM32CubeIDE/workspace_1.12.1/RTOSII_ROMERO/sistemas_reactivos_ejemplo_02/src/app/inc" -I"/home/rome/STM32CubeIDE/workspace_1.12.1/RTOSII_ROMERO/sistemas_reactivos_ejemplo_02/src/task/inc" -I../Core/Inc -I../Drivers/STM32F4xx_HAL_Driver/Inc -I../Drivers/STM32F4xx_HAL_Driver/Inc/Legacy -I../Drivers/CMSIS/Device/ST/STM32F4xx/Include -I../Drivers/CMSIS/Include -I../Middlewares/Third_Party/FreeRTOS/Source/include -I../Middlewares/Third_Party/FreeRTOS/Source/CMSIS_RTOS -I../Middlewares/Third_Party/FreeRTOS/Source/portable/GCC/ARM_CM4F -O0 -ffunction-sections -fdata-sections -Wall -fstack-usage -fcyclomatic-complexity -MMD -MP -MF"Middlewares/Third_Party/FreeRTOS/Source/queue.d" -MT"Middlewares/Third_Party/FreeRTOS/Source/queue.o" --specs=nano.specs -mfpu=fpv4-sp-d16 -mfloat-abi=hard -mthumb -o "Middlewares/Third_Party/FreeRTOS/Source/queue.o"
arm-none-eabi-gcc "../Middlewares/Third_Party/FreeRTOS/Source/stream_buffer.c" -mcpu=cortex-m4 -std=gnu11 -g3 -DDEBUG -DUSE_HAL_DRIVER -DSTM32F429xx -c -I"/home/rome/STM32CubeIDE/workspace_1.12.1/RTOSII_ROMERO/sistemas_reactivos_ejemplo_02/src/hal/inc" -I"/home/rome/STM32CubeIDE/workspace_1.12.1/RTOSII_ROMERO/sistemas_reactivos_ejemplo_02/src/lib/inc" -I"/home/rome/STM32CubeIDE/workspace_1.12.1/RTOSII_ROMERO/sistemas_reactivos_ejemplo_02/src/app/inc" -I"/home/rome/STM32CubeIDE/workspace_1.12.1/RTOSII_ROMERO/sistemas_reactivos_ejemplo_02/src/task/inc" -I../Core/Inc -I../Drivers/STM32F4xx_HAL_Driver/Inc -I../Drivers/STM32F4xx_HAL_Driver/Inc/Legacy -I../Drivers/CMSIS/Device/ST/STM32F4xx/Include -I../Drivers/CMSIS/Include -I../Middlewares/Third_Party/FreeRTOS/Source/include -I../Middlewares/Third_Party/FreeRTOS/Source/CMSIS_RTOS -I../Middlewares/Third_Party/FreeRTOS/Source/portable/GCC/ARM_CM4F -O0 -ffunction-sections -fdata-sections -Wall -fstack-usage -fcyclomatic-complexity -MMD -MP -MF"Middlewares/Third_Party/FreeRTOS/Source/stream_buffer.d" -MT"Middlewares/Third_Party/FreeRTOS/Source/stream_buffer.o" --specs=nano.specs -mfpu=fpv4-sp-d16 -mfloat-abi=hard -mthumb -o "Middlewares/Third_Party/FreeRTOS/Source/stream_buffer.o"
arm-none-eabi-gcc "../Middlewares/Third_Party/FreeRTOS/Source/tasks.c" -mcpu=cortex-m4 -std=gnu11 -g3 -DDEBUG -DUSE_HAL_DRIVER -DSTM32F429xx -c -I"/home/rome/STM32CubeIDE/workspace_1.12.1/RTOSII_ROMERO/sistemas_reactivos_ejemplo_02/src/hal/inc" -I"/home/rome/STM32CubeIDE/workspace_1.12.1/RTOSII_ROMERO/sistemas_reactivos_ejemplo_02/src/lib/inc" -I"/home/rome/STM32CubeIDE/workspace_1.12.1/RTOSII_ROMERO/sistemas_reactivos_ejemplo_02/src/app/inc" -I"/home/rome/STM32CubeIDE/workspace_1.12.1/RTOSII_ROMERO/sistemas_reactivos_ejemplo_02/src/task/inc" -I../Core/Inc -I../Drivers/STM32F4xx_HAL_Driver/Inc -I../Drivers/STM32F4xx_HAL_Driver/Inc/Legacy -I../Drivers/CMSIS/Device/ST/STM32F4xx/Include -I../Drivers/CMSIS/Include -I../Middlewares/Third_Party/FreeRTOS/Source/include -I../Middlewares/Third_Party/FreeRTOS/Source/CMSIS_RTOS -I../Middlewares/Third_Party/FreeRTOS/Source/portable/GCC/ARM_CM4F -O0 -ffunction-sections -fdata-sections -Wall -fstack-usage -fcyclomatic-complexity -MMD -MP -MF"Middlewares/Third_Party/FreeRTOS/Source/tasks.d" -MT"Middlewares/Third_Party/FreeRTOS/Source/tasks.o" --specs=nano.specs -mfpu=fpv4-sp-d16 -mfloat-abi=hard -mthumb -o "Middlewares/Third_Party/FreeRTOS/Source/tasks.o"
arm-none-eabi-gcc "../Middlewares/Third_Party/FreeRTOS/Source/timers.c" -mcpu=cortex-m4 -std=gnu11 -g3 -DDEBUG -DUSE_HAL_DRIVER -DSTM32F429xx -c -I"/home/rome/STM32CubeIDE/workspace_1.12.1/RTOSII_ROMERO/sistemas_reactivos_ejemplo_02/src/hal/inc" -I"/home/rome/STM32CubeIDE/workspace_1.12.1/RTOSII_ROMERO/sistemas_reactivos_ejemplo_02/src/lib/inc" -I"/home/rome/STM32CubeIDE/workspace_1.12.1/RTOSII_ROMERO/sistemas_reactivos_ejemplo_02/src/app/inc" -I"/home/rome/STM32CubeIDE/workspace_1.12.1/RTOSII_ROMERO/sistemas_reactivos_ejemplo_02/src/task/inc" -I../Core/Inc -I../Drivers/STM32F4xx_HAL_Driver/Inc -I../Drivers/STM32F4xx_HAL_Driver/Inc/Legacy -I../Drivers/CMSIS/Device/ST/STM32F4xx/Include -I../Drivers/CMSIS/Include -I../Middlewares/Third_Party/FreeRTOS/Source/include -I../Middlewares/Third_Party/FreeRTOS/Source/CMSIS_RTOS -I../Middlewares/Third_Party/FreeRTOS/Source/portable/GCC/ARM_CM4F -O0 -ffunction-sections -fdata-sections -Wall -fstack-usage -fcyclomatic-complexity -MMD -MP -MF"Middlewares/Third_Party/FreeRTOS/Source/timers.d" -MT"Middlewares/Third_Party/FreeRTOS/Source/timers.o" --specs=nano.specs -mfpu=fpv4-sp-d16 -mfloat-abi=hard -mthumb -o "Middlewares/Third_Party/FreeRTOS/Source/timers.o"
arm-none-eabi-gcc "../Drivers/STM32F4xx_HAL_Driver/Src/stm32f4xx_hal.c" -mcpu=cortex-m4 -std=gnu11 -g3 -DDEBUG -DUSE_HAL_DRIVER -DSTM32F429xx -c -I"/home/rome/STM32CubeIDE/workspace_1.12.1/RTOSII_ROMERO/sistemas_reactivos_ejemplo_02/src/hal/inc" -I"/home/rome/STM32CubeIDE/workspace_1.12.1/RTOSII_ROMERO/sistemas_reactivos_ejemplo_02/src/lib/inc" -I"/home/rome/STM32CubeIDE/workspace_1.12.1/RTOSII_ROMERO/sistemas_reactivos_ejemplo_02/src/app/inc" -I"/home/rome/STM32CubeIDE/workspace_1.12.1/RTOSII_ROMERO/sistemas_reactivos_ejemplo_02/src/task/inc" -I../Core/Inc -I../Drivers/STM32F4xx_HAL_Driver/Inc -I../Drivers/STM32F4xx_HAL_Driver/Inc/Legacy -I../Drivers/CMSIS/Device/ST/STM32F4xx/Include -I../Drivers/CMSIS/Include -I../Middlewares/Third_Party/FreeRTOS/Source/include -I../Middlewares/Third_Party/FreeRTOS/Source/CMSIS_RTOS -I../Middlewares/Third_Party/FreeRTOS/Source/portable/GCC/ARM_CM4F -O0 -ffunction-sections -fdata-sections -Wall -fstack-usage -fcyclomatic-complexity -MMD -MP -MF"Drivers/STM32F4xx_HAL_Driver/Src/stm32f4xx_hal.d" -MT"Drivers/STM32F4xx_HAL_Driver/Src/stm32f4xx_hal.o" --specs=nano.specs -mfpu=fpv4-sp-d16 -mfloat-abi=hard -mthumb -o "Drivers/STM32F4xx_HAL_Driver/Src/stm32f4xx_hal.o"
arm-none-eabi-gcc "../Drivers/STM32F4xx_HAL_Driver/Src/stm32f4xx_hal_cortex.c" -mcpu=cortex-m4 -std=gnu11 -g3 -DDEBUG -DUSE_HAL_DRIVER -DSTM32F429xx -c -I"/home/rome/STM32CubeIDE/workspace_1.12.1/RTOSII_ROMERO/sistemas_reactivos_ejemplo_02/src/hal/inc" -I"/home/rome/STM32CubeIDE/workspace_1.12.1/RTOSII_ROMERO/sistemas_reactivos_ejemplo_02/src/lib/inc" -I"/home/rome/STM32CubeIDE/workspace_1.12.1/RTOSII_ROMERO/sistemas_reactivos_ejemplo_02/src/app/inc" -I"/home/rome/STM32CubeIDE/workspace_1.12.1/RTOSII_ROMERO/sistemas_reactivos_ejemplo_02/src/task/inc" -I../Core/Inc -I../Drivers/STM32F4xx_HAL_Driver/Inc -I../Drivers/STM32F4xx_HAL_Driver/Inc/Legacy -I../Drivers/CMSIS/Device/ST/STM32F4xx/Include -I../Drivers/CMSIS/Include -I../Middlewares/Third_Party/FreeRTOS/Source/include -I../Middlewares/Third_Party/FreeRTOS/Source/CMSIS_RTOS -I../Middlewares/Third_Party/FreeRTOS/Source/portable/GCC/ARM_CM4F -O0 -ffunction-sections -fdata-sections -Wall -fstack-usage -fcyclomatic-complexity -MMD -MP -MF"Drivers/STM32F4xx_HAL_Driver/Src/stm32f4xx_hal_cortex.d" -MT"Drivers/STM32F4xx_HAL_Driver/Src/stm32f4xx_hal_cortex.o" --specs=nano.specs -mfpu=fpv4-sp-d16 -mfloat-abi=hard -mthumb -o "Drivers/STM32F4xx_HAL_Driver/Src/stm32f4xx_hal_cortex.o"
arm-none-eabi-gcc "../Drivers/STM32F4xx_HAL_Driver/Src/stm32f4xx_hal_dma.c" -mcpu=cortex-m4 -std=gnu11 -g3 -DDEBUG -DUSE_HAL_DRIVER -DSTM32F429xx -c -I"/home/rome/STM32CubeIDE/workspace_1.12.1/RTOSII_ROMERO/sistemas_reactivos_ejemplo_02/src/hal/inc" -I"/home/rome/STM32CubeIDE/workspace_1.12.1/RTOSII_ROMERO/sistemas_reactivos_ejemplo_02/src/lib/inc" -I"/home/rome/STM32CubeIDE/workspace_1.12.1/RTOSII_ROMERO/sistemas_reactivos_ejemplo_02/src/app/inc" -I"/home/rome/STM32CubeIDE/workspace_1.12.1/RTOSII_ROMERO/sistemas_reactivos_ejemplo_02/src/task/inc" -I../Core/Inc -I../Drivers/STM32F4xx_HAL_Driver/Inc -I../Drivers/STM32F4xx_HAL_Driver/Inc/Legacy -I../Drivers/CMSIS/Device/ST/STM32F4xx/Include -I../Drivers/CMSIS/Include -I../Middlewares/Third_Party/FreeRTOS/Source/include -I../Middlewares/Third_Party/FreeRTOS/Source/CMSIS_RTOS -I../Middlewares/Third_Party/FreeRTOS/Source/portable/GCC/ARM_CM4F -O0 -ffunction-sections -fdata-sections -Wall -fstack-usage -fcyclomatic-complexity -MMD -MP -MF"Drivers/STM32F4xx_HAL_Driver/Src/stm32f4xx_hal_dma.d" -MT"Drivers/STM32F4xx_HAL_Driver/Src/stm32f4xx_hal_dma.o" --specs=nano.specs -mfpu=fpv4-sp-d16 -mfloat-abi=hard -mthumb -o "Drivers/STM32F4xx_HAL_Driver/Src/stm32f4xx_hal_dma.o"
arm-none-eabi-gcc "../Drivers/STM32F4xx_HAL_Driver/Src/stm32f4xx_hal_dma_ex.c" -mcpu=cortex-m4 -std=gnu11 -g3 -DDEBUG -DUSE_HAL_DRIVER -DSTM32F429xx -c -I"/home/rome/STM32CubeIDE/workspace_1.12.1/RTOSII_ROMERO/sistemas_reactivos_ejemplo_02/src/hal/inc" -I"/home/rome/STM32CubeIDE/workspace_1.12.1/RTOSII_ROMERO/sistemas_reactivos_ejemplo_02/src/lib/inc" -I"/home/rome/STM32CubeIDE/workspace_1.12.1/RTOSII_ROMERO/sistemas_reactivos_ejemplo_02/src/app/inc" -I"/home/rome/STM32CubeIDE/workspace_1.12.1/RTOSII_ROMERO/sistemas_reactivos_ejemplo_02/src/task/inc" -I../Core/Inc -I../Drivers/STM32F4xx_HAL_Driver/Inc -I../Drivers/STM32F4xx_HAL_Driver/Inc/Legacy -I../Drivers/CMSIS/Device/ST/STM32F4xx/Include -I../Drivers/CMSIS/Include -I../Middlewares/Third_Party/FreeRTOS/Source/include -I../Middlewares/Third_Party/FreeRTOS/Source/CMSIS_RTOS -I../Middlewares/Third_Party/FreeRTOS/Source/portable/GCC/ARM_CM4F -O0 -ffunction-sections -fdata-sections -Wall -fstack-usage -fcyclomatic-complexity -MMD -MP -MF"Drivers/STM32F4xx_HAL_Driver/Src/stm32f4xx_hal_dma_ex.d" -MT"Drivers/STM32F4xx_HAL_Driver/Src/stm32f4xx_hal_dma_ex.o" --specs=nano.specs -mfpu=fpv4-sp-d16 -mfloat-abi=hard -mthumb -o "Drivers/STM32F4xx_HAL_Driver/Src/stm32f4xx_hal_dma_ex.o"
arm-none-eabi-gcc "../Drivers/STM32F4xx_HAL_Driver/Src/stm32f4xx_hal_exti.c" -mcpu=cortex-m4 -std=gnu11 -g3 -DDEBUG -DUSE_HAL_DRIVER -DSTM32F429xx -c -I"/home/rome/STM32CubeIDE/workspace_1.12.1/RTOSII_ROMERO/sistemas_reactivos_ejemplo_02/src/hal/inc" -I"/home/rome/STM32CubeIDE/workspace_1.12.1/RTOSII_ROMERO/sistemas_reactivos_ejemplo_02/src/lib/inc" -I"/home/rome/STM32CubeIDE/workspace_1.12.1/RTOSII_ROMERO/sistemas_reactivos_ejemplo_02/src/app/inc" -I"/home/rome/STM32CubeIDE/workspace_1.12.1/RTOSII_ROMERO/sistemas_reactivos_ejemplo_02/src/task/inc" -I../Core/Inc -I../Drivers/STM32F4xx_HAL_Driver/Inc -I../Drivers/STM32F4xx_HAL_Driver/Inc/Legacy -I../Drivers/CMSIS/Device/ST/STM32F4xx/Include -I../Drivers/CMSIS/Include -I../Middlewares/Third_Party/FreeRTOS/Source/include -I../Middlewares/Third_Party/FreeRTOS/Source/CMSIS_RTOS -I../Middlewares/Third_Party/FreeRTOS/Source/portable/GCC/ARM_CM4F -O0 -ffunction-sections -fdata-sections -Wall -fstack-usage -fcyclomatic-complexity -MMD -MP -MF"Drivers/STM32F4xx_HAL_Driver/Src/stm32f4xx_hal_exti.d" -MT"Drivers/STM32F4xx_HAL_Driver/Src/stm32f4xx_hal_exti.o" --specs=nano.specs -mfpu=fpv4-sp-d16 -mfloat-abi=hard -mthumb -o "Drivers/STM32F4xx_HAL_Driver/Src/stm32f4xx_hal_exti.o"
arm-none-eabi-gcc "../Drivers/STM32F4xx_HAL_Driver/Src/stm32f4xx_hal_flash.c" -mcpu=cortex-m4 -std=gnu11 -g3 -DDEBUG -DUSE_HAL_DRIVER -DSTM32F429xx -c -I"/home/rome/STM32CubeIDE/workspace_1.12.1/RTOSII_ROMERO/sistemas_reactivos_ejemplo_02/src/hal/inc" -I"/home/rome/STM32CubeIDE/workspace_1.12.1/RTOSII_ROMERO/sistemas_reactivos_ejemplo_02/src/lib/inc" -I"/home/rome/STM32CubeIDE/workspace_1.12.1/RTOSII_ROMERO/sistemas_reactivos_ejemplo_02/src/app/inc" -I"/home/rome/STM32CubeIDE/workspace_1.12.1/RTOSII_ROMERO/sistemas_reactivos_ejemplo_02/src/task/inc" -I../Core/Inc -I../Drivers/STM32F4xx_HAL_Driver/Inc -I../Drivers/STM32F4xx_HAL_Driver/Inc/Legacy -I../Drivers/CMSIS/Device/ST/STM32F4xx/Include -I../Drivers/CMSIS/Include -I../Middlewares/Third_Party/FreeRTOS/Source/include -I../Middlewares/Third_Party/FreeRTOS/Source/CMSIS_RTOS -I../Middlewares/Third_Party/FreeRTOS/Source/portable/GCC/ARM_CM4F -O0 -ffunction-sections -fdata-sections -Wall -fstack-usage -fcyclomatic-complexity -MMD -MP -MF"Drivers/STM32F4xx_HAL_Driver/Src/stm32f4xx_hal_flash.d" -MT"Drivers/STM32F4xx_HAL_Driver/Src/stm32f4xx_hal_flash.o" --specs=nano.specs -mfpu=fpv4-sp-d16 -mfloat-abi=hard -mthumb -o "Drivers/STM32F4xx_HAL_Driver/Src/stm32f4xx_hal_flash.o"
arm-none-eabi-gcc "../Drivers/STM32F4xx_HAL_Driver/Src/stm32f4xx_hal_flash_ex.c" -mcpu=cortex-m4 -std=gnu11 -g3 -DDEBUG -DUSE_HAL_DRIVER -DSTM32F429xx -c -I"/home/rome/STM32CubeIDE/workspace_1.12.1/RTOSII_ROMERO/sistemas_reactivos_ejemplo_02/src/hal/inc" -I"/home/rome/STM32CubeIDE/workspace_1.12.1/RTOSII_ROMERO/sistemas_reactivos_ejemplo_02/src/lib/inc" -I"/home/rome/STM32CubeIDE/workspace_1.12.1/RTOSII_ROMERO/sistemas_reactivos_ejemplo_02/src/app/inc" -I"/home/rome/STM32CubeIDE/workspace_1.12.1/RTOSII_ROMERO/sistemas_reactivos_ejemplo_02/src/task/inc" -I../Core/Inc -I../Drivers/STM32F4xx_HAL_Driver/Inc -I../Drivers/STM32F4xx_HAL_Driver/Inc/Legacy -I../Drivers/CMSIS/Device/ST/STM32F4xx/Include -I../Drivers/CMSIS/Include -I../Middlewares/Third_Party/FreeRTOS/Source/include -I../Middlewares/Third_Party/FreeRTOS/Source/CMSIS_RTOS -I../Middlewares/Third_Party/FreeRTOS/Source/portable/GCC/ARM_CM4F -O0 -ffunction-sections -fdata-sections -Wall -fstack-usage -fcyclomatic-complexity -MMD -MP -MF"Drivers/STM32F4xx_HAL_Driver/Src/stm32f4xx_hal_flash_ex.d" -MT"Drivers/STM32F4xx_HAL_Driver/Src/stm32f4xx_hal_flash_ex.o" --specs=nano.specs -mfpu=fpv4-sp-d16 -mfloat-abi=hard -mthumb -o "Drivers/STM32F4xx_HAL_Driver/Src/stm32f4xx_hal_flash_ex.o"
arm-none-eabi-gcc "../Drivers/STM32F4xx_HAL_Driver/Src/stm32f4xx_hal_flash_ramfunc.c" -mcpu=cortex-m4 -std=gnu11 -g3 -DDEBUG -DUSE_HAL_DRIVER -DSTM32F429xx -c -I"/home/rome/STM32CubeIDE/workspace_1.12.1/RTOSII_ROMERO/sistemas_reactivos_ejemplo_02/src/hal/inc" -I"/home/rome/STM32CubeIDE/workspace_1.12.1/RTOSII_ROMERO/sistemas_reactivos_ejemplo_02/src/lib/inc" -I"/home/rome/STM32CubeIDE/workspace_1.12.1/RTOSII_ROMERO/sistemas_reactivos_ejemplo_02/src/app/inc" -I"/home/rome/STM32CubeIDE/workspace_1.12.1/RTOSII_ROMERO/sistemas_reactivos_ejemplo_02/src/task/inc" -I../Core/Inc -I../Drivers/STM32F4xx_HAL_Driver/Inc -I../Drivers/STM32F4xx_HAL_Driver/Inc/Legacy -I../Drivers/CMSIS/Device/ST/STM32F4xx/Include -I../Drivers/CMSIS/Include -I../Middlewares/Third_Party/FreeRTOS/Source/include -I../Middlewares/Third_Party/FreeRTOS/Source/CMSIS_RTOS -I../Middlewares/Third_Party/FreeRTOS/Source/portable/GCC/ARM_CM4F -O0 -ffunction-sections -fdata-sections -Wall -fstack-usage -fcyclomatic-complexity -MMD -MP -MF"Drivers/STM32F4xx_HAL_Driver/Src/stm32f4xx_hal_flash_ramfunc.d" -MT"Drivers/STM32F4xx_HAL_Driver/Src/stm32f4xx_hal_flash_ramfunc.o" --specs=nano.specs -mfpu=fpv4-sp-d16 -mfloat-abi=hard -mthumb -o "Drivers/STM32F4xx_HAL_Driver/Src/stm32f4xx_hal_flash_ramfunc.o"
arm-none-eabi-gcc "../Drivers/STM32F4xx_HAL_Driver/Src/stm32f4xx_hal_gpio.c" -mcpu=cortex-m4 -std=gnu11 -g3 -DDEBUG -DUSE_HAL_DRIVER -DSTM32F429xx -c -I"/home/rome/STM32CubeIDE/workspace_1.12.1/RTOSII_ROMERO/sistemas_reactivos_ejemplo_02/src/hal/inc" -I"/home/rome/STM32CubeIDE/workspace_1.12.1/RTOSII_ROMERO/sistemas_reactivos_ejemplo_02/src/lib/inc" -I"/home/rome/STM32CubeIDE/workspace_1.12.1/RTOSII_ROMERO/sistemas_reactivos_ejemplo_02/src/app/inc" -I"/home/rome/STM32CubeIDE/workspace_1.12.1/RTOSII_ROMERO/sistemas_reactivos_ejemplo_02/src/task/inc" -I../Core/Inc -I../Drivers/STM32F4xx_HAL_Driver/Inc -I../Drivers/STM32F4xx_HAL_Driver/Inc/Legacy -I../Drivers/CMSIS/Device/ST/STM32F4xx/Include -I../Drivers/CMSIS/Include -I../Middlewares/Third_Party/FreeRTOS/Source/include -I../Middlewares/Third_Party/FreeRTOS/Source/CMSIS_RTOS -I../Middlewares/Third_Party/FreeRTOS/Source/portable/GCC/ARM_CM4F -O0 -ffunction-sections -fdata-sections -Wall -fstack-usage -fcyclomatic-complexity -MMD -MP -MF"Drivers/STM32F4xx_HAL_Driver/Src/stm32f4xx_hal_gpio.d" -MT"Drivers/STM32F4xx_HAL_Driver/Src/stm32f4xx_hal_gpio.o" --specs=nano.specs -mfpu=fpv4-sp-d16 -mfloat-abi=hard -mthumb -o "Drivers/STM32F4xx_HAL_Driver/Src/stm32f4xx_hal_gpio.o"
arm-none-eabi-gcc "../Drivers/STM32F4xx_HAL_Driver/Src/stm32f4xx_hal_pcd.c" -mcpu=cortex-m4 -std=gnu11 -g3 -DDEBUG -DUSE_HAL_DRIVER -DSTM32F429xx -c -I"/home/rome/STM32CubeIDE/workspace_1.12.1/RTOSII_ROMERO/sistemas_reactivos_ejemplo_02/src/hal/inc" -I"/home/rome/STM32CubeIDE/workspace_1.12.1/RTOSII_ROMERO/sistemas_reactivos_ejemplo_02/src/lib/inc" -I"/home/rome/STM32CubeIDE/workspace_1.12.1/RTOSII_ROMERO/sistemas_reactivos_ejemplo_02/src/app/inc" -I"/home/rome/STM32CubeIDE/workspace_1.12.1/RTOSII_ROMERO/sistemas_reactivos_ejemplo_02/src/task/inc" -I../Core/Inc -I../Drivers/STM32F4xx_HAL_Driver/Inc -I../Drivers/STM32F4xx_HAL_Driver/Inc/Legacy -I../Drivers/CMSIS/Device/ST/STM32F4xx/Include -I../Drivers/CMSIS/Include -I../Middlewares/Third_Party/FreeRTOS/Source/include -I../Middlewares/Third_Party/FreeRTOS/Source/CMSIS_RTOS -I../Middlewares/Third_Party/FreeRTOS/Source/portable/GCC/ARM_CM4F -O0 -ffunction-sections -fdata-sections -Wall -fstack-usage -fcyclomatic-complexity -MMD -MP -MF"Drivers/STM32F4xx_HAL_Driver/Src/stm32f4xx_hal_pcd.d" -MT"Drivers/STM32F4xx_HAL_Driver/Src/stm32f4xx_hal_pcd.o" --specs=nano.specs -mfpu=fpv4-sp-d16 -mfloat-abi=hard -mthumb -o "Drivers/STM32F4xx_HAL_Driver/Src/stm32f4xx_hal_pcd.o"
arm-none-eabi-gcc "../Drivers/STM32F4xx_HAL_Driver/Src/stm32f4xx_hal_pcd_ex.c" -mcpu=cortex-m4 -std=gnu11 -g3 -DDEBUG -DUSE_HAL_DRIVER -DSTM32F429xx -c -I"/home/rome/STM32CubeIDE/workspace_1.12.1/RTOSII_ROMERO/sistemas_reactivos_ejemplo_02/src/hal/inc" -I"/home/rome/STM32CubeIDE/workspace_1.12.1/RTOSII_ROMERO/sistemas_reactivos_ejemplo_02/src/lib/inc" -I"/home/rome/STM32CubeIDE/workspace_1.12.1/RTOSII_ROMERO/sistemas_reactivos_ejemplo_02/src/app/inc" -I"/home/rome/STM32CubeIDE/workspace_1.12.1/RTOSII_ROMERO/sistemas_reactivos_ejemplo_02/src/task/inc" -I../Core/Inc -I../Drivers/STM32F4xx_HAL_Driver/Inc -I../Drivers/STM32F4xx_HAL_Driver/Inc/Legacy -I../Drivers/CMSIS/Device/ST/STM32F4xx/Include -I../Drivers/CMSIS/Include -I../Middlewares/Third_Party/FreeRTOS/Source/include -I../Middlewares/Third_Party/FreeRTOS/Source/CMSIS_RTOS -I../Middlewares/Third_Party/FreeRTOS/Source/portable/GCC/ARM_CM4F -O0 -ffunction-sections -fdata-sections -Wall -fstack-usage -fcyclomatic-complexity -MMD -MP -MF"Drivers/STM32F4xx_HAL_Driver/Src/stm32f4xx_hal_pcd_ex.d" -MT"Drivers/STM32F4xx_HAL_Driver/Src/stm32f4xx_hal_pcd_ex.o" --specs=nano.specs -mfpu=fpv4-sp-d16 -mfloat-abi=hard -mthumb -o "Drivers/STM32F4xx_HAL_Driver/Src/stm32f4xx_hal_pcd_ex.o"
arm-none-eabi-gcc "../Drivers/STM32F4xx_HAL_Driver/Src/stm32f4xx_hal_pwr.c" -mcpu=cortex-m4 -std=gnu11 -g3 -DDEBUG -DUSE_HAL_DRIVER -DSTM32F429xx -c -I"/home/rome/STM32CubeIDE/workspace_1.12.1/RTOSII_ROMERO/sistemas_reactivos_ejemplo_02/src/hal/inc" -I"/home/rome/STM32CubeIDE/workspace_1.12.1/RTOSII_ROMERO/sistemas_reactivos_ejemplo_02/src/lib/inc" -I"/home/rome/STM32CubeIDE/workspace_1.12.1/RTOSII_ROMERO/sistemas_reactivos_ejemplo_02/src/app/inc" -I"/home/rome/STM32CubeIDE/workspace_1.12.1/RTOSII_ROMERO/sistemas_reactivos_ejemplo_02/src/task/inc" -I../Core/Inc -I../Drivers/STM32F4xx_HAL_Driver/Inc -I../Drivers/STM32F4xx_HAL_Driver/Inc/Legacy -I../Drivers/CMSIS/Device/ST/STM32F4xx/Include -I../Drivers/CMSIS/Include -I../Middlewares/Third_Party/FreeRTOS/Source/include -I../Middlewares/Third_Party/FreeRTOS/Source/CMSIS_RTOS -I../Middlewares/Third_Party/FreeRTOS/Source/portable/GCC/ARM_CM4F -O0 -ffunction-sections -fdata-sections -Wall -fstack-usage -fcyclomatic-complexity -MMD -MP -MF"Drivers/STM32F4xx_HAL_Driver/Src/stm32f4xx_hal_pwr.d" -MT"Drivers/STM32F4xx_HAL_Driver/Src/stm32f4xx_hal_pwr.o" --specs=nano.specs -mfpu=fpv4-sp-d16 -mfloat-abi=hard -mthumb -o "Drivers/STM32F4xx_HAL_Driver/Src/stm32f4xx_hal_pwr.o"
arm-none-eabi-gcc "../Drivers/STM32F4xx_HAL_Driver/Src/stm32f4xx_hal_pwr_ex.c" -mcpu=cortex-m4 -std=gnu11 -g3 -DDEBUG -DUSE_HAL_DRIVER -DSTM32F429xx -c -I"/home/rome/STM32CubeIDE/workspace_1.12.1/RTOSII_ROMERO/sistemas_reactivos_ejemplo_02/src/hal/inc" -I"/home/rome/STM32CubeIDE/workspace_1.12.1/RTOSII_ROMERO/sistemas_reactivos_ejemplo_02/src/lib/inc" -I"/home/rome/STM32CubeIDE/workspace_1.12.1/RTOSII_ROMERO/sistemas_reactivos_ejemplo_02/src/app/inc" -I"/home/rome/STM32CubeIDE/workspace_1.12.1/RTOSII_ROMERO/sistemas_reactivos_ejemplo_02/src/task/inc" -I../Core/Inc -I../Drivers/STM32F4xx_HAL_Driver/Inc -I../Drivers/STM32F4xx_HAL_Driver/Inc/Legacy -I../Drivers/CMSIS/Device/ST/STM32F4xx/Include -I../Drivers/CMSIS/Include -I../Middlewares/Third_Party/FreeRTOS/Source/include -I../Middlewares/Third_Party/FreeRTOS/Source/CMSIS_RTOS -I../Middlewares/Third_Party/FreeRTOS/Source/portable/GCC/ARM_CM4F -O0 -ffunction-sections -fdata-sections -Wall -fstack-usage -fcyclomatic-complexity -MMD -MP -MF"Drivers/STM32F4xx_HAL_Driver/Src/stm32f4xx_hal_pwr_ex.d" -MT"Drivers/STM32F4xx_HAL_Driver/Src/stm32f4xx_hal_pwr_ex.o" --specs=nano.specs -mfpu=fpv4-sp-d16 -mfloat-abi=hard -mthumb -o "Drivers/STM32F4xx_HAL_Driver/Src/stm32f4xx_hal_pwr_ex.o"
arm-none-eabi-gcc "../Drivers/STM32F4xx_HAL_Driver/Src/stm32f4xx_hal_rcc.c" -mcpu=cortex-m4 -std=gnu11 -g3 -DDEBUG -DUSE_HAL_DRIVER -DSTM32F429xx -c -I"/home/rome/STM32CubeIDE/workspace_1.12.1/RTOSII_ROMERO/sistemas_reactivos_ejemplo_02/src/hal/inc" -I"/home/rome/STM32CubeIDE/workspace_1.12.1/RTOSII_ROMERO/sistemas_reactivos_ejemplo_02/src/lib/inc" -I"/home/rome/STM32CubeIDE/workspace_1.12.1/RTOSII_ROMERO/sistemas_reactivos_ejemplo_02/src/app/inc" -I"/home/rome/STM32CubeIDE/workspace_1.12.1/RTOSII_ROMERO/sistemas_reactivos_ejemplo_02/src/task/inc" -I../Core/Inc -I../Drivers/STM32F4xx_HAL_Driver/Inc -I../Drivers/STM32F4xx_HAL_Driver/Inc/Legacy -I../Drivers/CMSIS/Device/ST/STM32F4xx/Include -I../Drivers/CMSIS/Include -I../Middlewares/Third_Party/FreeRTOS/Source/include -I../Middlewares/Third_Party/FreeRTOS/Source/CMSIS_RTOS -I../Middlewares/Third_Party/FreeRTOS/Source/portable/GCC/ARM_CM4F -O0 -ffunction-sections -fdata-sections -Wall -fstack-usage -fcyclomatic-complexity -MMD -MP -MF"Drivers/STM32F4xx_HAL_Driver/Src/stm32f4xx_hal_rcc.d" -MT"Drivers/STM32F4xx_HAL_Driver/Src/stm32f4xx_hal_rcc.o" --specs=nano.specs -mfpu=fpv4-sp-d16 -mfloat-abi=hard -mthumb -o "Drivers/STM32F4xx_HAL_Driver/Src/stm32f4xx_hal_rcc.o"
arm-none-eabi-gcc "../Drivers/STM32F4xx_HAL_Driver/Src/stm32f4xx_hal_rcc_ex.c" -mcpu=cortex-m4 -std=gnu11 -g3 -DDEBUG -DUSE_HAL_DRIVER -DSTM32F429xx -c -I"/home/rome/STM32CubeIDE/workspace_1.12.1/RTOSII_ROMERO/sistemas_reactivos_ejemplo_02/src/hal/inc" -I"/home/rome/STM32CubeIDE/workspace_1.12.1/RTOSII_ROMERO/sistemas_reactivos_ejemplo_02/src/lib/inc" -I"/home/rome/STM32CubeIDE/workspace_1.12.1/RTOSII_ROMERO/sistemas_reactivos_ejemplo_02/src/app/inc" -I"/home/rome/STM32CubeIDE/workspace_1.12.1/RTOSII_ROMERO/sistemas_reactivos_ejemplo_02/src/task/inc" -I../Core/Inc -I../Drivers/STM32F4xx_HAL_Driver/Inc -I../Drivers/STM32F4xx_HAL_Driver/Inc/Legacy -I../Drivers/CMSIS/Device/ST/STM32F4xx/Include -I../Drivers/CMSIS/Include -I../Middlewares/Third_Party/FreeRTOS/Source/include -I../Middlewares/Third_Party/FreeRTOS/Source/CMSIS_RTOS -I../Middlewares/Third_Party/FreeRTOS/Source/portable/GCC/ARM_CM4F -O0 -ffunction-sections -fdata-sections -Wall -fstack-usage -fcyclomatic-complexity -MMD -MP -MF"Drivers/STM32F4xx_HAL_Driver/Src/stm32f4xx_hal_rcc_ex.d" -MT"Drivers/STM32F4xx_HAL_Driver/Src/stm32f4xx_hal_rcc_ex.o" --specs=nano.specs -mfpu=fpv4-sp-d16 -mfloat-abi=hard -mthumb -o "Drivers/STM32F4xx_HAL_Driver/Src/stm32f4xx_hal_rcc_ex.o"
arm-none-eabi-gcc "../Drivers/STM32F4xx_HAL_Driver/Src/stm32f4xx_hal_tim.c" -mcpu=cortex-m4 -std=gnu11 -g3 -DDEBUG -DUSE_HAL_DRIVER -DSTM32F429xx -c -I"/home/rome/STM32CubeIDE/workspace_1.12.1/RTOSII_ROMERO/sistemas_reactivos_ejemplo_02/src/hal/inc" -I"/home/rome/STM32CubeIDE/workspace_1.12.1/RTOSII_ROMERO/sistemas_reactivos_ejemplo_02/src/lib/inc" -I"/home/rome/STM32CubeIDE/workspace_1.12.1/RTOSII_ROMERO/sistemas_reactivos_ejemplo_02/src/app/inc" -I"/home/rome/STM32CubeIDE/workspace_1.12.1/RTOSII_ROMERO/sistemas_reactivos_ejemplo_02/src/task/inc" -I../Core/Inc -I../Drivers/STM32F4xx_HAL_Driver/Inc -I../Drivers/STM32F4xx_HAL_Driver/Inc/Legacy -I../Drivers/CMSIS/Device/ST/STM32F4xx/Include -I../Drivers/CMSIS/Include -I../Middlewares/Third_Party/FreeRTOS/Source/include -I../Middlewares/Third_Party/FreeRTOS/Source/CMSIS_RTOS -I../Middlewares/Third_Party/FreeRTOS/Source/portable/GCC/ARM_CM4F -O0 -ffunction-sections -fdata-sections -Wall -fstack-usage -fcyclomatic-complexity -MMD -MP -MF"Drivers/STM32F4xx_HAL_Driver/Src/stm32f4xx_hal_tim.d" -MT"Drivers/STM32F4xx_HAL_Driver/Src/stm32f4xx_hal_tim.o" --specs=nano.specs -mfpu=fpv4-sp-d16 -mfloat-abi=hard -mthumb -o "Drivers/STM32F4xx_HAL_Driver/Src/stm32f4xx_hal_tim.o"
arm-none-eabi-gcc "../Drivers/STM32F4xx_HAL_Driver/Src/stm32f4xx_hal_tim_ex.c" -mcpu=cortex-m4 -std=gnu11 -g3 -DDEBUG -DUSE_HAL_DRIVER -DSTM32F429xx -c -I"/home/rome/STM32CubeIDE/workspace_1.12.1/RTOSII_ROMERO/sistemas_reactivos_ejemplo_02/src/hal/inc" -I"/home/rome/STM32CubeIDE/workspace_1.12.1/RTOSII_ROMERO/sistemas_reactivos_ejemplo_02/src/lib/inc" -I"/home/rome/STM32CubeIDE/workspace_1.12.1/RTOSII_ROMERO/sistemas_reactivos_ejemplo_02/src/app/inc" -I"/home/rome/STM32CubeIDE/workspace_1.12.1/RTOSII_ROMERO/sistemas_reactivos_ejemplo_02/src/task/inc" -I../Core/Inc -I../Drivers/STM32F4xx_HAL_Driver/Inc -I../Drivers/STM32F4xx_HAL_Driver/Inc/Legacy -I../Drivers/CMSIS/Device/ST/STM32F4xx/Include -I../Drivers/CMSIS/Include -I../Middlewares/Third_Party/FreeRTOS/Source/include -I../Middlewares/Third_Party/FreeRTOS/Source/CMSIS_RTOS -I../Middlewares/Third_Party/FreeRTOS/Source/portable/GCC/ARM_CM4F -O0 -ffunction-sections -fdata-sections -Wall -fstack-usage -fcyclomatic-complexity -MMD -MP -MF"Drivers/STM32F4xx_HAL_Driver/Src/stm32f4xx_hal_tim_ex.d" -MT"Drivers/STM32F4xx_HAL_Driver/Src/stm32f4xx_hal_tim_ex.o" --specs=nano.specs -mfpu=fpv4-sp-d16 -mfloat-abi=hard -mthumb -o "Drivers/STM32F4xx_HAL_Driver/Src/stm32f4xx_hal_tim_ex.o"
arm-none-eabi-gcc "../Drivers/STM32F4xx_HAL_Driver/Src/stm32f4xx_hal_uart.c" -mcpu=cortex-m4 -std=gnu11 -g3 -DDEBUG -DUSE_HAL_DRIVER -DSTM32F429xx -c -I"/home/rome/STM32CubeIDE/workspace_1.12.1/RTOSII_ROMERO/sistemas_reactivos_ejemplo_02/src/hal/inc" -I"/home/rome/STM32CubeIDE/workspace_1.12.1/RTOSII_ROMERO/sistemas_reactivos_ejemplo_02/src/lib/inc" -I"/home/rome/STM32CubeIDE/workspace_1.12.1/RTOSII_ROMERO/sistemas_reactivos_ejemplo_02/src/app/inc" -I"/home/rome/STM32CubeIDE/workspace_1.12.1/RTOSII_ROMERO/sistemas_reactivos_ejemplo_02/src/task/inc" -I../Core/Inc -I../Drivers/STM32F4xx_HAL_Driver/Inc -I../Drivers/STM32F4xx_HAL_Driver/Inc/Legacy -I../Drivers/CMSIS/Device/ST/STM32F4xx/Include -I../Drivers/CMSIS/Include -I../Middlewares/Third_Party/FreeRTOS/Source/include -I../Middlewares/Third_Party/FreeRTOS/Source/CMSIS_RTOS -I../Middlewares/Third_Party/FreeRTOS/Source/portable/GCC/ARM_CM4F -O0 -ffunction-sections -fdata-sections -Wall -fstack-usage -fcyclomatic-complexity -MMD -MP -MF"Drivers/STM32F4xx_HAL_Driver/Src/stm32f4xx_hal_uart.d" -MT"Drivers/STM32F4xx_HAL_Driver/Src/stm32f4xx_hal_uart.o" --specs=nano.specs -mfpu=fpv4-sp-d16 -mfloat-abi=hard -mthumb -o "Drivers/STM32F4xx_HAL_Driver/Src/stm32f4xx_hal_uart.o"
arm-none-eabi-gcc "../Drivers/STM32F4xx_HAL_Driver/Src/stm32f4xx_ll_usb.c" -mcpu=cortex-m4 -std=gnu11 -g3 -DDEBUG -DUSE_HAL_DRIVER -DSTM32F429xx -c -I"/home/rome/STM32CubeIDE/workspace_1.12.1/RTOSII_ROMERO/sistemas_reactivos_ejemplo_02/src/hal/inc" -I"/home/rome/STM32CubeIDE/workspace_1.12.1/RTOSII_ROMERO/sistemas_reactivos_ejemplo_02/src/lib/inc" -I"/home/rome/STM32CubeIDE/workspace_1.12.1/RTOSII_ROMERO/sistemas_reactivos_ejemplo_02/src/app/inc" -I"/home/rome/STM32CubeIDE/workspace_1.12.1/RTOSII_ROMERO/sistemas_reactivos_ejemplo_02/src/task/inc" -I../Core/Inc -I../Drivers/STM32F4xx_HAL_Driver/Inc -I../Drivers/STM32F4xx_HAL_Driver/Inc/Legacy -I../Drivers/CMSIS/Device/ST/STM32F4xx/Include -I../Drivers/CMSIS/Include -I../Middlewares/Third_Party/FreeRTOS/Source/include -I../Middlewares/Third_Party/FreeRTOS/Source/CMSIS_RTOS -I../Middlewares/Third_Party/FreeRTOS/Source/portable/GCC/ARM_CM4F -O0 -ffunction-sections -fdata-sections -Wall -fstack-usage -fcyclomatic-complexity -MMD -MP -MF"Drivers/STM32F4xx_HAL_Driver/Src/stm32f4xx_ll_usb.d" -MT"Drivers/STM32F4xx_HAL_Driver/Src/stm32f4xx_ll_usb.o" --specs=nano.specs -mfpu=fpv4-sp-d16 -mfloat-abi=hard -mthumb -o "Drivers/STM32F4xx_HAL_Driver/Src/stm32f4xx_ll_usb.o"
arm-none-eabi-gcc -mcpu=cortex-m4 -g3 -DDEBUG -c -x assembler-with-cpp -MMD -MP -MF"Core/Startup/startup_stm32f429zitx.d" -MT"Core/Startup/startup_stm32f429zitx.o" --specs=nano.specs -mfpu=fpv4-sp-d16 -mfloat-abi=hard -mthumb -o "Core/Startup/startup_stm32f429zitx.o" "../Core/Startup/startup_stm32f429zitx.s"
arm-none-eabi-gcc "../Core/Src/freertos.c" -mcpu=cortex-m4 -std=gnu11 -g3 -DDEBUG -DUSE_HAL_DRIVER -DSTM32F429xx -c -I"/home/rome/STM32CubeIDE/workspace_1.12.1/RTOSII_ROMERO/sistemas_reactivos_ejemplo_02/src/hal/inc" -I"/home/rome/STM32CubeIDE/workspace_1.12.1/RTOSII_ROMERO/sistemas_reactivos_ejemplo_02/src/lib/inc" -I"/home/rome/STM32CubeIDE/workspace_1.12.1/RTOSII_ROMERO/sistemas_reactivos_ejemplo_02/src/app/inc" -I"/home/rome/STM32CubeIDE/workspace_1.12.1/RTOSII_ROMERO/sistemas_reactivos_ejemplo_02/src/task/inc" -I../Core/Inc -I../Drivers/STM32F4xx_HAL_Driver/Inc -I../Drivers/STM32F4xx_HAL_Driver/Inc/Legacy -I../Drivers/CMSIS/Device/ST/STM32F4xx/Include -I../Drivers/CMSIS/Include -I../Middlewares/Third_Party/FreeRTOS/Source/include -I../Middlewares/Third_Party/FreeRTOS/Source/CMSIS_RTOS -I../Middlewares/Third_Party/FreeRTOS/Source/portable/GCC/ARM_CM4F -O0 -ffunction-sections -fdata-sections -Wall -fstack-usage -fcyclomatic-complexity -MMD -MP -MF"Core/Src/freertos.d" -MT"Core/Src/freertos.o" --specs=nano.specs -mfpu=fpv4-sp-d16 -mfloat-abi=hard -mthumb -o "Core/Src/freertos.o"
arm-none-eabi-gcc "../Core/Src/main.c" -mcpu=cortex-m4 -std=gnu11 -g3 -DDEBUG -DUSE_HAL_DRIVER -DSTM32F429xx -c -I"/home/rome/STM32CubeIDE/workspace_1.12.1/RTOSII_ROMERO/sistemas_reactivos_ejemplo_02/src/hal/inc" -I"/home/rome/STM32CubeIDE/workspace_1.12.1/RTOSII_ROMERO/sistemas_reactivos_ejemplo_02/src/lib/inc" -I"/home/rome/STM32CubeIDE/workspace_1.12.1/RTOSII_ROMERO/sistemas_reactivos_ejemplo_02/src/app/inc" -I"/home/rome/STM32CubeIDE/workspace_1.12.1/RTOSII_ROMERO/sistemas_reactivos_ejemplo_02/src/task/inc" -I../Core/Inc -I../Drivers/STM32F4xx_HAL_Driver/Inc -I../Drivers/STM32F4xx_HAL_Driver/Inc/Legacy -I../Drivers/CMSIS/Device/ST/STM32F4xx/Include -I../Drivers/CMSIS/Include -I../Middlewares/Third_Party/FreeRTOS/Source/include -I../Middlewares/Third_Party/FreeRTOS/Source/CMSIS_RTOS -I../Middlewares/Third_Party/FreeRTOS/Source/portable/GCC/ARM_CM4F -O0 -ffunction-sections -fdata-sections -Wall -fstack-usage -fcyclomatic-complexity -MMD -MP -MF"Core/Src/main.d" -MT"Core/Src/main.o" --specs=nano.specs -mfpu=fpv4-sp-d16 -mfloat-abi=hard -mthumb -o "Core/Src/main.o"
arm-none-eabi-gcc "../Core/Src/stm32f4xx_hal_msp.c" -mcpu=cortex-m4 -std=gnu11 -g3 -DDEBUG -DUSE_HAL_DRIVER -DSTM32F429xx -c -I"/home/rome/STM32CubeIDE/workspace_1.12.1/RTOSII_ROMERO/sistemas_reactivos_ejemplo_02/src/hal/inc" -I"/home/rome/STM32CubeIDE/workspace_1.12.1/RTOSII_ROMERO/sistemas_reactivos_ejemplo_02/src/lib/inc" -I"/home/rome/STM32CubeIDE/workspace_1.12.1/RTOSII_ROMERO/sistemas_reactivos_ejemplo_02/src/app/inc" -I"/home/rome/STM32CubeIDE/workspace_1.12.1/RTOSII_ROMERO/sistemas_reactivos_ejemplo_02/src/task/inc" -I../Core/Inc -I../Drivers/STM32F4xx_HAL_Driver/Inc -I../Drivers/STM32F4xx_HAL_Driver/Inc/Legacy -I../Drivers/CMSIS/Device/ST/STM32F4xx/Include -I../Drivers/CMSIS/Include -I../Middlewares/Third_Party/FreeRTOS/Source/include -I../Middlewares/Third_Party/FreeRTOS/Source/CMSIS_RTOS -I../Middlewares/Third_Party/FreeRTOS/Source/portable/GCC/ARM_CM4F -O0 -ffunction-sections -fdata-sections -Wall -fstack-usage -fcyclomatic-complexity -MMD -MP -MF"Core/Src/stm32f4xx_hal_msp.d" -MT"Core/Src/stm32f4xx_hal_msp.o" --specs=nano.specs -mfpu=fpv4-sp-d16 -mfloat-abi=hard -mthumb -o "Core/Src/stm32f4xx_hal_msp.o"
arm-none-eabi-gcc "../Core/Src/stm32f4xx_hal_timebase_tim.c" -mcpu=cortex-m4 -std=gnu11 -g3 -DDEBUG -DUSE_HAL_DRIVER -DSTM32F429xx -c -I"/home/rome/STM32CubeIDE/workspace_1.12.1/RTOSII_ROMERO/sistemas_reactivos_ejemplo_02/src/hal/inc" -I"/home/rome/STM32CubeIDE/workspace_1.12.1/RTOSII_ROMERO/sistemas_reactivos_ejemplo_02/src/lib/inc" -I"/home/rome/STM32CubeIDE/workspace_1.12.1/RTOSII_ROMERO/sistemas_reactivos_ejemplo_02/src/app/inc" -I"/home/rome/STM32CubeIDE/workspace_1.12.1/RTOSII_ROMERO/sistemas_reactivos_ejemplo_02/src/task/inc" -I../Core/Inc -I../Drivers/STM32F4xx_HAL_Driver/Inc -I../Drivers/STM32F4xx_HAL_Driver/Inc/Legacy -I../Drivers/CMSIS/Device/ST/STM32F4xx/Include -I../Drivers/CMSIS/Include -I../Middlewares/Third_Party/FreeRTOS/Source/include -I../Middlewares/Third_Party/FreeRTOS/Source/CMSIS_RTOS -I../Middlewares/Third_Party/FreeRTOS/Source/portable/GCC/ARM_CM4F -O0 -ffunction-sections -fdata-sections -Wall -fstack-usage -fcyclomatic-complexity -MMD -MP -MF"Core/Src/stm32f4xx_hal_timebase_tim.d" -MT"Core/Src/stm32f4xx_hal_timebase_tim.o" --specs=nano.specs -mfpu=fpv4-sp-d16 -mfloat-abi=hard -mthumb -o "Core/Src/stm32f4xx_hal_timebase_tim.o"
arm-none-eabi-gcc "../Core/Src/stm32f4xx_it.c" -mcpu=cortex-m4 -std=gnu11 -g3 -DDEBUG -DUSE_HAL_DRIVER -DSTM32F429xx -c -I"/home/rome/STM32CubeIDE/workspace_1.12.1/RTOSII_ROMERO/sistemas_reactivos_ejemplo_02/src/hal/inc" -I"/home/rome/STM32CubeIDE/workspace_1.12.1/RTOSII_ROMERO/sistemas_reactivos_ejemplo_02/src/lib/inc" -I"/home/rome/STM32CubeIDE/workspace_1.12.1/RTOSII_ROMERO/sistemas_reactivos_ejemplo_02/src/app/inc" -I"/home/rome/STM32CubeIDE/workspace_1.12.1/RTOSII_ROMERO/sistemas_reactivos_ejemplo_02/src/task/inc" -I../Core/Inc -I../Drivers/STM32F4xx_HAL_Driver/Inc -I../Drivers/STM32F4xx_HAL_Driver/Inc/Legacy -I../Drivers/CMSIS/Device/ST/STM32F4xx/Include -I../Drivers/CMSIS/Include -I../Middlewares/Third_Party/FreeRTOS/Source/include -I../Middlewares/Third_Party/FreeRTOS/Source/CMSIS_RTOS -I../Middlewares/Third_Party/FreeRTOS/Source/portable/GCC/ARM_CM4F -O0 -ffunction-sections -fdata-sections -Wall -fstack-usage -fcyclomatic-complexity -MMD -MP -MF"Core/Src/stm32f4xx_it.d" -MT"Core/Src/stm32f4xx_it.o" --specs=nano.specs -mfpu=fpv4-sp-d16 -mfloat-abi=hard -mthumb -o "Core/Src/stm32f4xx_it.o"
arm-none-eabi-gcc "../Core/Src/syscalls.c" -mcpu=cortex-m4 -std=gnu11 -g3 -DDEBUG -DUSE_HAL_DRIVER -DSTM32F429xx -c -I"/home/rome/STM32CubeIDE/workspace_1.12.1/RTOSII_ROMERO/sistemas_reactivos_ejemplo_02/src/hal/inc" -I"/home/rome/STM32CubeIDE/workspace_1.12.1/RTOSII_ROMERO/sistemas_reactivos_ejemplo_02/src/lib/inc" -I"/home/rome/STM32CubeIDE/workspace_1.12.1/RTOSII_ROMERO/sistemas_reactivos_ejemplo_02/src/app/inc" -I"/home/rome/STM32CubeIDE/workspace_1.12.1/RTOSII_ROMERO/sistemas_reactivos_ejemplo_02/src/task/inc" -I../Core/Inc -I../Drivers/STM32F4xx_HAL_Driver/Inc -I../Drivers/STM32F4xx_HAL_Driver/Inc/Legacy -I../Drivers/CMSIS/Device/ST/STM32F4xx/Include -I../Drivers/CMSIS/Include -I../Middlewares/Third_Party/FreeRTOS/Source/include -I../Middlewares/Third_Party/FreeRTOS/Source/CMSIS_RTOS -I../Middlewares/Third_Party/FreeRTOS/Source/portable/GCC/ARM_CM4F -O0 -ffunction-sections -fdata-sections -Wall -fstack-usage -fcyclomatic-complexity -MMD -MP -MF"Core/Src/syscalls.d" -MT"Core/Src/syscalls.o" --specs=nano.specs -mfpu=fpv4-sp-d16 -mfloat-abi=hard -mthumb -o "Core/Src/syscalls.o"
arm-none-eabi-gcc "../Core/Src/sysmem.c" -mcpu=cortex-m4 -std=gnu11 -g3 -DDEBUG -DUSE_HAL_DRIVER -DSTM32F429xx -c -I"/home/rome/STM32CubeIDE/workspace_1.12.1/RTOSII_ROMERO/sistemas_reactivos_ejemplo_02/src/hal/inc" -I"/home/rome/STM32CubeIDE/workspace_1.12.1/RTOSII_ROMERO/sistemas_reactivos_ejemplo_02/src/lib/inc" -I"/home/rome/STM32CubeIDE/workspace_1.12.1/RTOSII_ROMERO/sistemas_reactivos_ejemplo_02/src/app/inc" -I"/home/rome/STM32CubeIDE/workspace_1.12.1/RTOSII_ROMERO/sistemas_reactivos_ejemplo_02/src/task/inc" -I../Core/Inc -I../Drivers/STM32F4xx_HAL_Driver/Inc -I../Drivers/STM32F4xx_HAL_Driver/Inc/Legacy -I../Drivers/CMSIS/Device/ST/STM32F4xx/Include -I../Drivers/CMSIS/Include -I../Middlewares/Third_Party/FreeRTOS/Source/include -I../Middlewares/Third_Party/FreeRTOS/Source/CMSIS_RTOS -I../Middlewares/Third_Party/FreeRTOS/Source/portable/GCC/ARM_CM4F -O0 -ffunction-sections -fdata-sections -Wall -fstack-usage -fcyclomatic-complexity -MMD -MP -MF"Core/Src/sysmem.d" -MT"Core/Src/sysmem.o" --specs=nano.specs -mfpu=fpv4-sp-d16 -mfloat-abi=hard -mthumb -o "Core/Src/sysmem.o"
arm-none-eabi-gcc "../Core/Src/system_stm32f4xx.c" -mcpu=cortex-m4 -std=gnu11 -g3 -DDEBUG -DUSE_HAL_DRIVER -DSTM32F429xx -c -I"/home/rome/STM32CubeIDE/workspace_1.12.1/RTOSII_ROMERO/sistemas_reactivos_ejemplo_02/src/hal/inc" -I"/home/rome/STM32CubeIDE/workspace_1.12.1/RTOSII_ROMERO/sistemas_reactivos_ejemplo_02/src/lib/inc" -I"/home/rome/STM32CubeIDE/workspace_1.12.1/RTOSII_ROMERO/sistemas_reactivos_ejemplo_02/src/app/inc" -I"/home/rome/STM32CubeIDE/workspace_1.12.1/RTOSII_ROMERO/sistemas_reactivos_ejemplo_02/src/task/inc" -I../Core/Inc -I../Drivers/STM32F4xx_HAL_Driver/Inc -I../Drivers/STM32F4xx_HAL_Driver/Inc/Legacy -I../Drivers/CMSIS/Device/ST/STM32F4xx/Include -I../Drivers/CMSIS/Include -I../Middlewares/Third_Party/FreeRTOS/Source/include -I../Middlewares/Third_Party/FreeRTOS/Source/CMSIS_RTOS -I../Middlewares/Third_Party/FreeRTOS/Source/portable/GCC/ARM_CM4F -O0 -ffunction-sections -fdata-sections -Wall -fstack-usage -fcyclomatic-complexity -MMD -MP -MF"Core/Src/system_stm32f4xx.d" -MT"Core/Src/system_stm32f4xx.o" --specs=nano.specs -mfpu=fpv4-sp-d16 -mfloat-abi=hard -mthumb -o "Core/Src/system_stm32f4xx.o"
arm-none-eabi-gcc -o "rtosII_co20_romero_TP1_A.elf" @"objects.list"   -mcpu=cortex-m4 -T"/home/rome/STM32CubeIDE/workspace_1.12.1/RTOSII_ROMERO/sistemas_reactivos_ejemplo_02/STM32F429ZITX_FLASH.ld" --specs=nosys.specs -Wl,-Map="rtosII_co20_romero_TP1_A.map" -Wl,--gc-sections -static --specs=nano.specs -mfpu=fpv4-sp-d16 -mfloat-abi=hard -mthumb -Wl,--start-group -lc -lm -Wl,--end-group
Finished building target: rtosII_co20_romero_TP1_A.elf
 
arm-none-eabi-size   rtosII_co20_romero_TP1_A.elf 
arm-none-eabi-objdump -h -S  rtosII_co20_romero_TP1_A.elf  > "rtosII_co20_romero_TP1_A.list"
   text	   data	    bss	    dec	    hex	filename
  30600	    208	  20664	  51472	   c910	rtosII_co20_romero_TP1_A.elf
Finished building: default.size.stdout
 
Finished building: rtosII_co20_romero_TP1_A.list
 

10:54:40 Build Finished. 0 errors, 3 warnings. (took 12s.45ms)

