13:06:31 **** Incremental Build of configuration Debug for project uart ****
make -j4 all 
arm-none-eabi-gcc "../Core/Src/main.c" -mcpu=cortex-m4 -std=gnu11 -g3 -DDEBUG -DUSE_HAL_DRIVER -DSTM32F429xx -c -I../Core/Inc -I../Drivers/STM32F4xx_HAL_Driver/Inc -I../Drivers/STM32F4xx_HAL_Driver/Inc/Legacy -I../Drivers/CMSIS/Device/ST/STM32F4xx/Include -I../Drivers/CMSIS/Include -O0 -ffunction-sections -fdata-sections -Wall -fstack-usage -fcyclomatic-complexity -MMD -MP -MF"Core/Src/main.d" -MT"Core/Src/main.o" --specs=nano.specs -mfpu=fpv4-sp-d16 -mfloat-abi=hard -mthumb -o "Core/Src/main.o"
../Core/Src/main.c: In function 'main':
../Core/Src/main.c:100:28: warning: pointer targets in passing argument 2 of 'HAL_UART_Transmit' differ in signedness [-Wpointer-sign]
  100 | HAL_UART_Transmit(&huart3, "dd", sizeof("dd"), HAL_MAX_DELAY);
      |                            ^~~~
      |                            |
      |                            char *
In file included from ../Core/Inc/stm32f4xx_hal_conf.h:411,
                 from ../Drivers/STM32F4xx_HAL_Driver/Inc/stm32f4xx_hal.h:29,
                 from ../Core/Inc/main.h:30,
                 from ../Core/Src/main.c:20:
../Drivers/STM32F4xx_HAL_Driver/Inc/stm32f4xx_hal_uart.h:722:79: note: expected 'const uint8_t *' {aka 'const unsigned char *'} but argument is of type 'char *'
  722 | HAL_StatusTypeDef HAL_UART_Transmit(UART_HandleTypeDef *huart, const uint8_t *pData, uint16_t Size, uint32_t Timeout);
      |                                                                ~~~~~~~~~~~~~~~^~~~~
arm-none-eabi-gcc -o "uart.elf" @"objects.list"   -mcpu=cortex-m4 -T"/home/rome/STM32CubeIDE/workspace_1.12.1/RTOSII_ROMERO/uart/STM32F429ZITX_FLASH.ld" --specs=nosys.specs -Wl,-Map="uart.map" -Wl,--gc-sections -static --specs=nano.specs -mfpu=fpv4-sp-d16 -mfloat-abi=hard -mthumb -Wl,--start-group -lc -lm -Wl,--end-group
Finished building target: uart.elf
 
arm-none-eabi-size   uart.elf 
arm-none-eabi-objdump -h -S  uart.elf  > "uart.list"
   text	   data	    bss	    dec	    hex	filename
  10572	     20	   1636	  12228	   2fc4	uart.elf
Finished building: default.size.stdout
 
Finished building: uart.list
 

13:06:34 Build Finished. 0 errors, 1 warnings. (took 2s.575ms)

