16:08:48 **** Incremental Build of configuration Debug for project uart_int ****
make -j4 all 
arm-none-eabi-gcc "../Core/Src/main.c" -mcpu=cortex-m4 -std=gnu11 -g3 -DDEBUG -DUSE_HAL_DRIVER -DSTM32F429xx -c -I../Core/Inc -I../Drivers/STM32F4xx_HAL_Driver/Inc -I../Drivers/STM32F4xx_HAL_Driver/Inc/Legacy -I../Drivers/CMSIS/Device/ST/STM32F4xx/Include -I../Drivers/CMSIS/Include -O0 -ffunction-sections -fdata-sections -Wall -fstack-usage -fcyclomatic-complexity -MMD -MP -MF"Core/Src/main.d" -MT"Core/Src/main.o" --specs=nano.specs -mfpu=fpv4-sp-d16 -mfloat-abi=hard -mthumb -o "Core/Src/main.o"
arm-none-eabi-gcc -o "uart_int.elf" @"objects.list"   -mcpu=cortex-m4 -T"/home/rome/STM32CubeIDE/workspace_1.12.1/RTOSII_ROMERO/uart_int/STM32F429ZITX_FLASH.ld" --specs=nosys.specs -Wl,-Map="uart_int.map" -Wl,--gc-sections -static --specs=nano.specs -mfpu=fpv4-sp-d16 -mfloat-abi=hard -mthumb -Wl,--start-group -lc -lm -Wl,--end-group
Finished building target: uart_int.elf
 
arm-none-eabi-size   uart_int.elf 
arm-none-eabi-objdump -h -S  uart_int.elf  > "uart_int.list"
   text	   data	    bss	    dec	    hex	filename
  11032	    108	   1636	  12776	   31e8	uart_int.elf
Finished building: default.size.stdout
 
Finished building: uart_int.list
 

16:08:50 Build Finished. 0 errors, 0 warnings. (took 2s.452ms)

